// Jest Snapshot v1, https://goo.gl/fbAQLP

exports[`TextField should set variant default to outline 1`] = `"<WithStyles(ForwardRef(TextField)) InputLabelProps={{...}} inputProps={{...}} SelectProps={{...}} InputProps={{...}} />"`;

exports[`TextField should set variant default to outline 2`] = `
Object {
  "InputLabelProps": Object {
    "ref": Object {
      "current": null,
    },
  },
  "InputProps": Object {
    "labelWidth": 0,
  },
  "SelectProps": Object {
    "style": Object {
      "maxWidth": "initial",
      "minWidth": 48,
    },
  },
  "inputProps": Object {
    "max": undefined,
    "min": undefined,
  },
}
`;
