// Jest Snapshot v1, https://goo.gl/fbAQLP

exports[`<Inquiry/> should match snapshot 1`] = `
<DocumentFragment>
  <div
    class="inqButton"
  >
    <button
      class="
    d-flex
    align-items-center
    justify-content-center
    flex-row
    button
    
    undefined
   btn btn-primary btn-md"
      role="button"
      type="button"
    >
      <span>
        T.I. Inquiry
      </span>
    </button>
  </div>
</DocumentFragment>
`;
