// Jest Snapshot v1, https://goo.gl/fbAQLP

exports[`SnackbarProvider snackbarContentFactory should return a function that renders the Snackbar component with a key: props 1`] = `
Object {
  "action": <SnackbarAction
    onClose={[MockFunction]}
    onUndo={[Function]}
  />,
  "aria-describedby": "mockAria",
  "className": "mockClassName",
  "message": <span
    className={
      Object {
        "alignItems": "center",
        "display": "flex",
        "fontWeight": 600,
      }
    }
    id="mockAria"
  >
    <ForwardRef(WithStyles(ClubOSSuccessIcon))
      className="fontSize opacity"
    />
    mockMessage
  </span>,
}
`;

exports[`SnackbarProvider snackbarContentFactory should return a function that renders the Snackbar component with a key: shallowWrapper 1`] = `
"<div id=\\"mockId\\">
  <Styled(MuiBox) maxWidth={666}>
    <WithStyles(ForwardRef(SnackbarContent)) className=\\"mockClassName\\" aria-describedby=\\"mockAria\\" message={{...}} action={{...}} />
  </Styled(MuiBox)>
</div>"
`;

exports[`SnackbarProvider useSnackbar should call notistacks useSnackbar and enqueueSnackbar: enqueue 1`] = `
Array [
  Array [
    "mockMessage",
    Object {
      "anchorOrigin": Object {
        "horizontal": "center",
        "vertical": "bottom",
      },
      "autoHideDuration": 111,
      "content": [Function],
    },
  ],
]
`;

exports[`SnackbarProvider useSnackbar should call notistacks useSnackbar: useSnackbar 1`] = `
Array [
  Array [],
]
`;

exports[`SnackbarProvider useSnackbar should return functions for closing and enqueueing snackbars 1`] = `
Object {
  "closeSnackbar": [MockFunction],
  "enqueueSnackbar": [Function],
}
`;
