// Jest Snapshot v1, https://goo.gl/fbAQLP

exports[`LocationMultiSelectFieldGroup should pass on props matching snapshot 1`] = `
Object {
  "error": undefined,
  "fieldSetLabelText": "",
  "groupValueWrapperList": Array [
    Object {
      "groupId": "regions",
      "values": Set {},
    },
    Object {
      "groupId": "locations",
      "values": Set {},
    },
  ],
  "helperText": "",
  "listContainerHeight": 450,
  "multiSelectOptionGroupDataList": Array [
    Object {
      "groupId": "regions",
      "groupLabel": "Regions",
      "multiSelectOptionDataList": Array [],
    },
    Object {
      "groupId": "locations",
      "groupLabel": "Locations",
      "multiSelectOptionDataList": Array [],
    },
  ],
  "onCheckboxGroupChange": [Function],
  "onRadioGroupChange": [Function],
  "radioGroupProps": Object {
    "label": "Accessible to locations",
    "name": "selectAllActiveAndFutureRegions",
    "value": "true",
  },
  "readOnly": false,
  "selectAllRadioInputProps": Object {
    "label": "All Active and Future Locations",
    "name": "selectAllActiveAndFutureRegions",
    "value": "true",
  },
  "selectSomeRadioInputProps": Object {
    "label": "Select Locations",
    "name": "selectAllActiveAndFutureRegions",
    "value": "false",
  },
  "showFieldSetLabelText": false,
  "showHelperText": true,
  "showRadioGroup": false,
}
`;

exports[`LocationMultiSelectFieldGroup should render with minimal props 1`] = `"<WithStyles(MultiSelectFieldGroup) listContainerHeight={450} showFieldSetLabelText={false} readOnly={false} error={[undefined]} fieldSetLabelText=\\"\\" showRadioGroup={false} showHelperText={true} helperText=\\"\\" onCheckboxGroupChange={[Function (anonymous)]} groupValueWrapperList={{...}} radioGroupProps={{...}} onRadioGroupChange={[Function (anonymous)]} selectAllRadioInputProps={{...}} selectSomeRadioInputProps={{...}} multiSelectOptionGroupDataList={{...}} />"`;
