// Jest Snapshot v1, https://goo.gl/fbAQLP

exports[`<AutoFollowUpConfig /> should match snapshot 1`] = `
<DocumentFragment>
  <div
    class="text-start"
  >
    <div
      class="shadow-sm mt-4 card"
    >
      <div
        class="card-body"
      >
        <p
          class="card-text"
        >
          <span
            class="text-muted fs-6 fw-bolder mb-2"
          >
            Automatic Follow Up Settings
          </span>
        </p>
        <p
          class="card-text"
        >
          <span
            class="text-muted text-left fs-6 fw-bold"
          >
            Send follow-up at
          </span>
        </p>
        <div>
          <select
            class="timepicker__select form-select"
            disabled=""
            role="combobox"
          >
            <option
              value="1"
            >
              1
            </option>
            <option
              value="2"
            >
              2
            </option>
            <option
              value="3"
            >
              3
            </option>
            <option
              value="4"
            >
              4
            </option>
            <option
              value="5"
            >
              5
            </option>
            <option
              value="6"
            >
              6
            </option>
            <option
              value="7"
            >
              7
            </option>
            <option
              value="8"
            >
              8
            </option>
            <option
              value="9"
            >
              9
            </option>
            <option
              value="10"
            >
              10
            </option>
            <option
              value="11"
            >
              11
            </option>
            <option
              value="12"
            >
              12
            </option>
          </select>
          :
          <select
            class="timepicker__select form-select"
            disabled=""
          >
            <option
              value="00"
            >
              00
            </option>
            <option
              value="15"
            >
              15
            </option>
            <option
              value="30"
            >
              30
            </option>
            <option
              value="45"
            >
              45
            </option>
          </select>
          <div
            class=" btngroup btn-group"
            role="group"
          >
            <input
              autocomplete="off"
              checked=""
              class="btn-check"
              disabled=""
              id="radio-AM"
              name="am-pm"
              type="radio"
              value="AM"
            />
            <label
              class="disabled btn btn-outline-primary"
              for="radio-AM"
              tabindex="0"
            >
              AM
            </label>
            <input
              autocomplete="off"
              class="btn-check"
              disabled=""
              id="radio-PM"
              name="am-pm"
              type="radio"
              value="PM"
            />
            <label
              class="disabled btn btn-outline-primary"
              for="radio-PM"
              tabindex="0"
            >
              PM
            </label>
          </div>
        </div>
        <span
          class="text-muted fs-6"
        >
          Recipient’s Local Time
        </span>
        <br />
        <span
          class="text-muted fs-6 fw-bold mb-4 d-block"
        >
          Preferred contact method
        </span>
        <form
          class=""
        >
          <div
            class="mb-3"
          >
            <div
              class="form-check"
            >
              <input
                class="form-check-input"
                disabled=""
                id="default-SMS"
                name="contactMethod"
                role="checkbox"
                type="radio"
                value="3"
              />
              <label
                class="form-check-label"
                for="default-SMS"
                title=""
              >
                SMS
              </label>
            </div>
          </div>
          <div
            class="mb-3"
          >
            <div
              class="form-check"
            >
              <input
                class="form-check-input"
                disabled=""
                id="default-Email"
                name="contactMethod"
                role="checkbox"
                type="radio"
                value="2"
              />
              <label
                class="form-check-label"
                for="default-Email"
                title=""
              >
                Email
              </label>
            </div>
          </div>
        </form>
        <br />
        <span
          class="text-muted fs-6 fw-bold mb-4 d-block"
        >
          Fall-back contact method
        </span>
        <form
          class=""
        >
          <div
            class="mb-3"
          >
            <div
              class="form-check"
            >
              <input
                class="form-check-input"
                disabled=""
                id="default-SMS"
                name="fallbackMethod"
                role="checkbox"
                type="radio"
                value="3"
              />
              <label
                class="form-check-label"
                for="default-SMS"
                title=""
              >
                SMS
              </label>
            </div>
          </div>
          <div
            class="mb-3"
          >
            <div
              class="form-check"
            >
              <input
                class="form-check-input"
                disabled=""
                id="default-Email"
                name="fallbackMethod"
                role="checkbox"
                type="radio"
                value="2"
              />
              <label
                class="form-check-label"
                for="default-Email"
                title=""
              >
                Email
              </label>
            </div>
          </div>
          <div
            class="mb-3"
          >
            <div
              class="form-check"
            >
              <input
                class="form-check-input"
                disabled=""
                id="default-None (Convert to manual)"
                name="fallbackMethod"
                role="checkbox"
                type="radio"
                value="4"
              />
              <label
                class="form-check-label"
                for="default-None (Convert to manual)"
                title=""
              >
                None (Convert to manual)
              </label>
            </div>
          </div>
        </form>
        <p
          class="card-text"
        >
          If recipient’s  missing or invalid, the follow-up will be converted to manual.
        </p>
      </div>
    </div>
  </div>
</DocumentFragment>
`;
