// Jest Snapshot v1, https://goo.gl/fbAQLP

exports[`Schedule and scripts <StatusSchedules /> should match snapshot 1`] = `
<DocumentFragment>
  <div
    class="
  touchpoint
  empty
  
  rounded
  p-2
  overflow-hidden
  m-0
  justify-content-center
  align-items-center
  "
  >
    <p
      class="m-0 text-center fw-bold"
    >
      No touchpoints have been configured
    </p>
  </div>
</DocumentFragment>
`;
