// Jest Snapshot v1, https://goo.gl/fbAQLP

exports[`DateRangeFieldset should render with minimal props 1`] = `
"<Fragment>
  <WithStyles(ForwardRef(Grid)) item={true}>
    <Select id=\\"mockId-select\\" value=\\"Last7Days\\" onChange={[Function: onChange]} classes={{...}} name=\\"DateRange\\" label=\\"mockLabel\\" isInvisible={[undefined]}>
      <WithStyles(ForwardRef(MenuItem)) value=\\"yesterday\\">
        Yesterday
      </WithStyles(ForwardRef(MenuItem))>
      <WithStyles(ForwardRef(MenuItem)) value=\\"thisWeek\\">
        This Week
      </WithStyles(ForwardRef(MenuItem))>
      <WithStyles(ForwardRef(MenuItem)) value=\\"lastWeek\\">
        Last Week
      </WithStyles(ForwardRef(MenuItem))>
      <WithStyles(ForwardRef(MenuItem)) value=\\"thisMonth\\">
        This Month
      </WithStyles(ForwardRef(MenuItem))>
      <WithStyles(ForwardRef(MenuItem)) value=\\"lastMonth\\">
        Last Month
      </WithStyles(ForwardRef(MenuItem))>
      <WithStyles(ForwardRef(MenuItem)) value=\\"thisYear\\">
        This Year
      </WithStyles(ForwardRef(MenuItem))>
      <WithStyles(ForwardRef(MenuItem)) value=\\"lastYear\\">
        Last Year
      </WithStyles(ForwardRef(MenuItem))>
      <WithStyles(ForwardRef(MenuItem)) value=\\"textAllTime\\">
        All Time
      </WithStyles(ForwardRef(MenuItem))>
      <WithStyles(ForwardRef(MenuItem)) value=\\"custom\\">
        Custom
      </WithStyles(ForwardRef(MenuItem))>
    </Select>
  </WithStyles(ForwardRef(Grid))>
  <WithStyles(ForwardRef(Grid)) item={true}>
    <DateInput id=\\"mockId-start\\" value=\\"01/01/2010\\" error={[undefined]} helperText=\\"\\" onChange={[Function: handleStartDateChange]} classes={{...}} margin=\\"dense\\" InputLabelProps={{...}} label=\\"Start\\" isInvisible={[undefined]} variant=\\"outlined\\" InputProps={{...}} />
  </WithStyles(ForwardRef(Grid))>
  <WithStyles(ForwardRef(Grid)) item={true}>
    <WithStyles(ForwardRef(Grid)) container={true}>
      <WithStyles(ForwardRef(Grid)) item={true}>
        <Memo(ForwardRef(ArrowRightAltIcon)) className={{...}} />
      </WithStyles(ForwardRef(Grid))>
    </WithStyles(ForwardRef(Grid))>
  </WithStyles(ForwardRef(Grid))>
  <WithStyles(ForwardRef(Grid)) item={true}>
    <DateInput id=\\"mockId-end\\" value=\\"01/02/2010\\" error={[undefined]} helperText=\\"\\" onChange={[Function: handleEndDateChange]} classes={{...}} InputLabelProps={{...}} margin=\\"dense\\" label=\\"End\\" isInvisible={[undefined]} variant=\\"outlined\\" InputProps={{...}} />
  </WithStyles(ForwardRef(Grid))>
</Fragment>"
`;
